// Jest Snapshot v1, https://goo.gl/fbAQLP

exports[`<Menu /> should render Logo and Main Menu Nav 1`] = `undefined`;
