// Jest Snapshot v1, https://goo.gl/fbAQLP

exports[`<GridTwoColumn /> should render two column grid 1`] = `
.c5 {
  color: #faebd7;
  font-size: 6.4rem;
  text-transform: uppercase;
}

.c2 {
  display: grid;
  grid-template-columns: 1fr 2fr;
  -webkit-align-items: center;
  -webkit-box-align: center;
  -ms-flex-align: center;
  align-items: center;
  gap: 3.2rem;
}

.c2 .c4 {
  margin-bottom: 4.0rem;
}

.c7 {
  width: 100%;
  border-radius: 10px;
  box-shadow: 0 0 10px rgba(0,0,0,0.3);
  -webkit-transition: -webkit-transform 100ms ease-in-out;
  -webkit-transition: transform 100ms ease-in-out;
  transition: transform 100ms ease-in-out;
}

.c0 {
  background: #000000;
  color: #faebd7;
  min-height: 100vh;
  display: -webkit-box;
  display: -webkit-flex;
  display: -ms-flexbox;
  display: flex;
  -webkit-align-items: center;
  -webkit-box-align: center;
  -ms-flex-align: center;
  align-items: center;
}

.c1 {
  max-width: 120rem;
  margin: 0 auto;
  padding: 3.2rem;
}

.c6 {
  font-size: 2.4rem;
}

@media (max-width:768px) {
  .c5 {
    font-size: 4.0rem;
  }
}

@media (max-width:768px) {
  .c2 {
    grid-template-columns: 1fr;
    text-align: center;
  }
}

@media (max-width:768px) {
  .c3 {
    margin-bottom: 3.2rem;
  }
}

<div>
  <div
    class="c0"
  >
    <div
      class="c1"
    >
      <div
        class="c2"
      >
        <div
          class="c3"
        >
          <h2
            class="c4 c5"
          />
          <p
            class="c6"
          />
        </div>
        <div
          class=""
        >
          <img
            class="c7"
          />
        </div>
      </div>
    </div>
  </div>
</div>
`;
