// Jest Snapshot v1, https://goo.gl/fbAQLP

exports[`<GoTop /> should render a got to top button 1`] = `
.c0 {
  position: fixed;
  background: #faebd7;
  color: #000000;
  display: -webkit-box;
  display: -webkit-flex;
  display: -ms-flexbox;
  display: flex;
  -webkit-align-items: center;
  -webkit-box-align: center;
  -ms-flex-align: center;
  align-items: center;
  -webkit-box-pack: center;
  -webkit-justify-content: center;
  -ms-flex-pack: center;
  justify-content: center;
  width: 4rem;
  height: 4rem;
  bottom: 2rem;
  right: 2rem;
  z-index: 6;
}

.c1 {
  display: inline-block;
  vertical-align: middle;
  overflow: hidden;
}

<div>
  <a
    aria-label="Go to top"
    class="c0"
    href="#"
    title="Go to top"
  >
    <svg
      aria-hidden="true"
      class="c1"
      fill="currentColor"
      focusable="false"
      viewBox="0 0 24 24"
      xmlns="http://www.w3.org/2000/svg"
    >
      <g
        data-name="Layer 2"
      >
        <path
          d="M5.23 10.64a1 1 0 0 0 1.41.13L11 7.14V19a1 1 0 0 0 2 0V7.14l4.36 3.63a1 1 0 1 0 1.28-1.54l-6-5-.15-.09-.13-.07a1 1 0 0 0-.72 0l-.13.07-.15.09-6 5a1 1 0 0 0-.13 1.41z"
          data-name="arrow-upward"
        />
      </g>
    </svg>
  </a>
</div>
`;
